docker : time="2025-12-19T10:15:38+01:00" level=warning msg="The \"FINNHUB_API_KEY\" 
variable is not set. Defaulting to a blank string."
En línea: 1 Carácter: 1
+ docker compose --progress plain build app > build.log 2>&1
+ ~~~~~~~~~~~~~~~~~~~~~~~~~~~~~~~~~~~~~~~~~~~~~~~~~~~~~~~~~~
    + CategoryInfo          : NotSpecified: (time="2025-12-1... blank string.":String 
   ) [], RemoteException
    + FullyQualifiedErrorId : NativeCommandError
 
#1 [internal] load local bake definitions
#1 reading from stdin 526B 0.0s done
#1 DONE 0.0s

#2 [internal] load build definition from Dockerfile
#2 transferring dockerfile: 915B done
#2 WARN: FromAsCasing: 'as' and 'FROM' keywords' casing do not match (line 4)
#2 WARN: FromAsCasing: 'as' and 'FROM' keywords' casing do not match (line 19)
#2 DONE 0.0s

#3 [internal] load metadata for docker.io/oven/bun:1.2
#3 DONE 0.2s

#4 [internal] load metadata for docker.io/oven/bun:1.2-slim
#4 DONE 0.2s

#5 [internal] load .dockerignore
#5 transferring context: 2B done
#5 DONE 0.0s

#6 [release 1/7] FROM docker.io/oven/bun:1.2-slim@sha256:9654aa08d4b7e778b84148921bab8edc1409c8d0a85707b8c801dd7cf1878971
#6 resolve docker.io/oven/bun:1.2-slim@sha256:9654aa08d4b7e778b84148921bab8edc1409c8d0a85707b8c801dd7cf1878971 0.0s done
#6 DONE 0.0s

#7 [release 2/7] WORKDIR /app
#7 CACHED

#8 [builder 1/6] FROM docker.io/oven/bun:1.2@sha256:6ebf306367da43ad75c4d5119563e24de9b66372929ad4fa31546be053a16f74
#8 resolve docker.io/oven/bun:1.2@sha256:6ebf306367da43ad75c4d5119563e24de9b66372929ad4fa31546be053a16f74 0.0s done
#8 DONE 0.0s

#9 [internal] load build context
#9 transferring context: 5.86kB 0.0s done
#9 DONE 0.0s

#10 [builder 2/6] WORKDIR /app
#10 CACHED

#11 [builder 3/6] COPY package.json bun.lockb* ./
#11 CACHED

#12 [builder 4/6] RUN bun install --frozen-lockfile
#12 CACHED

#13 [builder 5/6] COPY . .
#13 DONE 0.1s

#14 [builder 6/6] RUN bun run build:frontend
#14 0.245 $ bun run build.ts
#14 0.263 Building frontend with Bun...
#14 0.267 1 | ```javascript
#14 0.267       ^
#14 0.267 error: Unterminated string literal
#14 0.267     at /app/src/index.tsx:1:3
#14 0.267 
#14 0.267 Bun v1.2.23 (Linux x64 baseline)
#14 0.273 error: script "build:frontend" exited with code 1
#14 ERROR: process "/bin/sh -c bun run build:frontend" did not complete successfully: exit code: 1
------
 > [builder 6/6] RUN bun run build:frontend:
0.245 $ bun run build.ts
0.263 Building frontend with Bun...
0.267 1 | ```javascript
0.267       ^
0.267 error: Unterminated string literal
0.267     at /app/src/index.tsx:1:3
0.267 
0.267 Bun v1.2.23 (Linux x64 baseline)
0.273 error: script "build:frontend" exited with code 1
------
Dockerfile:16

--------------------

  14 |     # Build React (Custom Build Script or Bun Build)

  15 |     # We will create a build.ts script later to handle this

  16 | >>> RUN bun run build:frontend

  17 |     

  18 |     # Stage 2: Production Runtime

--------------------

failed to solve: process "/bin/sh -c bun run build:frontend" did not complete 
successfully: exit code: 1



View build details: 
docker-desktop://dashboard/build/desktop-linux/desktop-linux/p0c0wsytoepko2kw0h7slxauf

